// Jest Snapshot v1, https://goo.gl/fbAQLP

exports[`RockConnector makes single request with rock tokens 1`] = `
Array [
  Array [
    "https://apollosrock.newspring.cc/api/SomeResource",
    Object {
      "headers": Object {
        "Authorization-Token": "some-rock-token",
        "Content-Type": "application/json",
        "user-agent": "Apollos",
      },
    },
  ],
]
`;
